---
source: crates/iota-swarm-config/tests/snapshot_tests.rs
expression: genesis.iota_system_object().into_genesis_version_for_tooling()
---
epoch: 0
protocol_version: 2
system_state_version: 1
iota_treasury_cap:
  inner:
    id:
      id: "0x58d01abf16f4b21fdb6c578eff7abae622fec71976af37fdb9cda51578e59562"
    total_supply:
      value: "751500000000000000"
validators:
  total_stake: 1500000000000000
  active_validators:
    - metadata:
        iota_address: "0xb877dacaef0724a0a155ad7c6ae1289580b96646aef3caafd6ebcb1bcf8bd13f"
        authority_pubkey_bytes:
          - 153
          - 242
          - 94
          - 246
          - 31
          - 128
          - 50
          - 185
          - 20
          - 99
          - 100
          - 96
          - 152
          - 44
          - 92
          - 198
          - 241
          - 52
          - 239
          - 29
          - 218
          - 231
          - 102
          - 87
          - 242
          - 203
          - 254
          - 193
          - 235
          - 252
          - 141
          - 9
          - 115
          - 116
          - 8
          - 13
          - 246
          - 252
          - 240
          - 220
          - 184
          - 188
          - 75
          - 13
          - 142
          - 10
          - 245
          - 216
          - 14
          - 187
          - 255
          - 43
          - 76
          - 89
          - 159
          - 84
          - 244
          - 45
          - 99
          - 18
          - 223
          - 195
          - 20
          - 39
          - 96
          - 120
          - 193
          - 204
          - 52
          - 126
          - 187
          - 190
          - 197
          - 25
          - 139
          - 226
          - 88
          - 81
          - 63
          - 56
          - 107
          - 147
          - 13
          - 2
          - 194
          - 116
          - 154
          - 128
          - 62
          - 35
          - 48
          - 149
          - 94
          - 189
          - 26
          - 16
        network_pubkey_bytes:
          - 148
          - 228
          - 168
          - 73
          - 49
          - 68
          - 233
          - 230
          - 150
          - 32
          - 140
          - 190
          - 208
          - 2
          - 89
          - 230
          - 221
          - 181
          - 111
          - 151
          - 155
          - 145
          - 195
          - 41
          - 103
          - 86
          - 9
          - 133
          - 190
          - 97
          - 144
          - 155
        protocol_pubkey_bytes:
          - 31
          - 42
          - 121
          - 1
          - 168
          - 66
          - 228
          - 211
          - 98
          - 59
          - 198
          - 28
          - 225
          - 193
          - 113
          - 125
          - 46
          - 118
          - 142
          - 15
          - 215
          - 45
          - 248
          - 52
          - 26
          - 245
          - 102
          - 21
          - 185
          - 22
          - 240
          - 56
        proof_of_possession_bytes:
          - 185
          - 60
          - 204
          - 156
          - 218
          - 197
          - 31
          - 107
          - 109
          - 84
          - 191
          - 98
          - 196
          - 9
          - 17
          - 141
          - 243
          - 38
          - 4
          - 23
          - 37
          - 149
          - 114
          - 51
          - 168
          - 186
          - 243
          - 141
          - 189
          - 48
          - 40
          - 187
          - 147
          - 104
          - 20
          - 211
          - 60
          - 160
          - 197
          - 136
          - 139
          - 70
          - 112
          - 193
          - 80
          - 163
          - 186
          - 226
        name: "0"
        description: ""
        image_url: ""
        project_url: ""
        net_address: /ip4/127.0.0.1/tcp/80
        p2p_address: /ip4/127.0.0.1/udp/80
        primary_address: /ip4/127.0.0.1/udp/80
        next_epoch_authority_pubkey_bytes: ~
        next_epoch_proof_of_possession: ~
        next_epoch_network_pubkey_bytes: ~
        next_epoch_protocol_pubkey_bytes: ~
        next_epoch_net_address: ~
        next_epoch_p2p_address: ~
        next_epoch_primary_address: ~
        extra_fields:
          id:
            id: "0x9f8fd3402c7b8073ae78dbe9add8ffe004a0ea71bf26269a5146c7c58df27639"
          size: 0
      voting_power: 10000
      operation_cap_id: "0xfc36861f9f054e25890db2ac8fe89e25b7f375076390349d4d9e11be69b3580b"
      gas_price: 1000
      staking_pool:
        id: "0xae67a2a27731d8659c84a94703935ea2a00a9b42331e9039375da11b1968f20d"
        activation_epoch: 0
        deactivation_epoch: ~
        iota_balance: 1500000000000000
        rewards_pool:
          value: 0
        pool_token_balance: 1500000000000000
        exchange_rates:
          id: "0x81ff9351bd9b15f26a73c7a998b575ab467d2de34b91a1cf9f08ff8869afb806"
          size: 1
        pending_stake: 0
        pending_total_iota_withdraw: 0
        pending_pool_token_withdraw: 0
        extra_fields:
          id:
            id: "0x42846763f3de331fe7baa4ab8ed12e25c2c505fb7e0e9cefe6aa1b5bf0a343d7"
          size: 0
      commission_rate: 200
      next_epoch_stake: 1500000000000000
      next_epoch_gas_price: 1000
      next_epoch_commission_rate: 200
      extra_fields:
        id:
          id: "0x53af03865c59eda2311bfec8ab68bbb9835300c85114f14430f72dd70f8c35ea"
        size: 0
  pending_active_validators:
    contents:
      id: "0xf671a404d9396c0724763d5fde74177775aa8205ab777343596280b078c8b317"
      size: 0
  pending_removals: []
  staking_pool_mappings:
    id: "0x9ce2d31efe9dba049a97567d710e9b7720162465788c0714000e967a88b0d52f"
    size: 1
  inactive_validators:
    id: "0x97d22f1ead783030278b7296c5df9a15a7d62c38296edcd24e313262c11cfe44"
    size: 0
  validator_candidates:
    id: "0xd7806cee40287b9c8375bf3244403809e2b8bfc5071cdf8c6e4854026af91e78"
    size: 0
  at_risk_validators:
    contents: []
  extra_fields:
    id:
      id: "0x45fd4f3a8198360b53639cd79ea08c3c4dc3ba98372e33b2d93ce0de2ed75083"
    size: 0
storage_fund:
  total_object_storage_rebates:
    value: 0
  non_refundable_balance:
    value: 0
parameters:
  epoch_duration_ms: 86400000
  min_validator_count: 4
  max_validator_count: 150
  min_validator_joining_stake: 2000000000000000
  validator_low_stake_threshold: 1500000000000000
  validator_very_low_stake_threshold: 1000000000000000
  validator_low_stake_grace_period: 7
  extra_fields:
    id:
      id: "0x37534a54996ade26212f97bb003e7928dcac894446b8f0f4b95ecc9c275855b5"
    size: 0
iota_system_admin_cap:
  dummy_field: false
reference_gas_price: 1000
validator_report_records:
  contents: []
safe_mode: false
safe_mode_storage_charges:
  value: 0
safe_mode_computation_rewards:
  value: 0
safe_mode_storage_rebates: 0
safe_mode_non_refundable_storage_fee: 0
epoch_start_timestamp_ms: 10
extra_fields:
  id:
    id: "0x6e52b14dd3d9814a6d952d6a385196bf4fb15d02b63ec99d550fa2650c90d664"
  size: 0
